// Jest Snapshot v1, https://goo.gl/fbAQLP

exports[`Property page correctly renders 1`] = `
<main
  className="page__main page__main--property"
>
  <section
    className="property"
  >
    <div
      className="property__gallery-container container"
    >
      <div
        className="property__gallery"
      >
        <div
          className="property__image-wrapper"
        >
          <img
            alt="image"
            className="property__image"
            src="https://es31-server.appspot.com/six-cities/static/hotel/18.jpg"
          />
        </div>
        <div
          className="property__image-wrapper"
        >
          <img
            alt="image"
            className="property__image"
            src="https://es31-server.appspot.com/six-cities/static/hotel/18.jpg"
          />
        </div>
        <div
          className="property__image-wrapper"
        >
          <img
            alt="image"
            className="property__image"
            src="https://es31-server.appspot.com/six-cities/static/hotel/1.jpg"
          />
        </div>
        <div
          className="property__image-wrapper"
        >
          <img
            alt="image"
            className="property__image"
            src="https://es31-server.appspot.com/six-cities/static/hotel/8.jpg"
          />
        </div>
        <div
          className="property__image-wrapper"
        >
          <img
            alt="image"
            className="property__image"
            src="https://es31-server.appspot.com/six-cities/static/hotel/12.jpg"
          />
        </div>
        <div
          className="property__image-wrapper"
        >
          <img
            alt="image"
            className="property__image"
            src="https://es31-server.appspot.com/six-cities/static/hotel/11.jpg"
          />
        </div>
      </div>
    </div>
    <div
      className="property__container container"
    >
      <div
        className="property__wrapper"
      >
        <div
          className="property__name-wrapper"
        >
          <h1
            className="property__name"
          >
            Canal View Prinsengracht
          </h1>
          <button
            className="property__bookmark-button button "
            onClick={[Function]}
            type="button"
          >
            <svg
              className="property__bookmark-icon"
              height="33"
              width="31"
            >
              <use
                xlinkHref="#icon-bookmark"
              />
            </svg>
            <span
              className="visually-hidden"
            >
              To bookmarks
            </span>
          </button>
        </div>
        <div
          className="property__rating rating"
        >
          <div
            className="property__stars rating__stars"
          >
            <span
              style={
                Object {
                  "width": "60%",
                }
              }
            />
            <span
              className="visually-hidden"
            >
              Rating
            </span>
          </div>
          <span
            className="property__rating-value rating__value"
          >
            3
          </span>
        </div>
        <ul
          className="property__features"
        >
          <li
            className="property__feature property__feature--entire"
          >
            House
          </li>
          <li
            className="property__feature property__feature--bedrooms"
          >
            4
             Bedrooms
          </li>
          <li
            className="property__feature property__feature--adults"
          >
            Max 
            5
             adults
          </li>
        </ul>
        <div
          className="property__price"
        >
          <b
            className="property__price-value"
          >
            €
            161
          </b>
          <span
            className="property__price-text"
          >
             night
          </span>
        </div>
        <div
          className="property__inside"
        >
          <h2
            className="property__inside-title"
          >
            What's inside
          </h2>
          <ul
            className="property__inside-list"
          >
            <li
              className="property__inside-item"
            >
              Breakfast
            </li>
            <li
              className="property__inside-item"
            >
              Laptop friendly workspace
            </li>
          </ul>
        </div>
        <div
          className="property__host"
        >
          <h2
            className="property__host-title"
          >
            Meet the host
          </h2>
          <div
            className="property__host-user user"
          >
            <div
              className="property__avatar-wrapper user__avatar-wrapper property__avatar-wrapper--pro"
            >
              <img
                alt="Host avatar"
                className="property__avatar user__avatar"
                height="74"
                src="img/avatar-angelina.jpg"
                width="74"
              />
            </div>
            <span
              className="property__user-name"
            >
              Angelina
            </span>
            <span
              className="property__user-status"
            >
              Pro
            </span>
          </div>
          <div
            className="property__description"
          >
            <p
              className="property__text"
            >
              I rent out a very sunny and bright apartment only 7 minutes walking distance to the metro station. The apartment has a spacious living room with a kitchen, one bedroom and a bathroom with mit bath. A terrace can be used in summer.
            </p>
          </div>
        </div>
      </div>
    </div>
    <section
      className="property__map map"
      id="map"
    />
  </section>
  <div
    className="container"
  >
    <section
      className="near-places places"
    >
      <h2
        className="near-places__title"
      >
        Other places in the neighbourhood
      </h2>
      <div
        className="near-places__list places__list"
      >
        <article
          className="near-places__card place-card"
        >
          <div
            className="cities__image-wrapper place-card__image-wrapper"
          >
            <img
              alt="Place image"
              className="place-card__image"
              height="200"
              src="https://es31-server.appspot.com/six-cities/static/hotel/17.jpg"
              width="260"
            />
          </div>
          <div
            className=" place-card__info"
          >
            <div
              className="place-card__price-wrapper"
            >
              <div
                className="place-card__price"
              >
                <b
                  className="place-card__price-value"
                >
                  €
                  161
                   
                </b>
                <span
                  className="place-card__price-text"
                >
                  / night
                </span>
              </div>
              <button
                className="place-card__bookmark-button button "
                onClick={[Function]}
                type="button"
              >
                <svg
                  className="place-card__bookmark-icon"
                  height="19"
                  width="18"
                >
                  <use
                    xlinkHref="#icon-bookmark"
                  />
                </svg>
                <span
                  className="visually-hidden"
                >
                  To bookmarks
                </span>
              </button>
            </div>
            <div
              className="place-card__rating rating"
            >
              <div
                className="place-card__stars rating__stars"
              >
                <span
                  style={
                    Object {
                      "width": "60%",
                    }
                  }
                />
                <span
                  className="visually-hidden"
                >
                  Rating
                </span>
              </div>
            </div>
            <h2
              className="place-card__name"
            >
              Canal View Prinsengracht
            </h2>
            <p
              className="place-card__type"
            >
              House
            </p>
          </div>
        </article>
      </div>
    </section>
  </div>
</main>
`;
